// Jest Snapshot v1, https://goo.gl/fbAQLP

exports[`IndexPage Testings matches snapshot 1`] = `
<div
  className="antialiased"
>
  <Head>
    <title>
      This is the default title
    </title>
    <meta
      charSet="utf-8"
    />
    <meta
      content="initial-scale=1.0, width=device-width"
      name="viewport"
    />
    <meta
      content="Die Holz Design Moers GmbH bietet ihren Handelspartnern auch in Zukunft abverkaufsstarke Produkte, Konzepte und Ideen fÃ¼r eine erfolgreiche Zusammenarbeit."
      name="description"
    />
    <meta
      content="noindex, nofollow"
      name="robots"
    />
    <link
      href="/ci/hdm-bg.svg"
      rel="shortcut icon"
      sizes="any"
      type="image/svg+xml"
    />
    <link
      href="https://fonts.googleapis.com/css2?family=Open+Sans:wght@400;600;700&display=swap"
      rel="stylesheet"
    />
  </Head>
  <Header />
  <main />
  <Footer />
</div>
`;
