// Jest Snapshot v1, https://goo.gl/fbAQLP

exports[`Accessories Testings matches snapshot 1`] = `
<section
  className="lg:bg-gray-100 overflow-x-hidden lg:mt-24 "
  id="accessories"
>
  <Accessories__BackgroundImage>
    <Accessories__Grid
      className="container pt-20 lg:pb-20"
    >
      <div
        className="lg:max-w-md"
      >
        <header
          className="mt-16 lg:ml-32"
        >
          <h2
            className="text-4xl font-bold leading-tight lg:text-5xl"
          >
            Regalböden / Möbelbauplatten
          </h2>
        </header>
        <picture
          className="block mt-12 lg:-mx-24"
        >
          <source
            srcSet="/images/hdm-moebelbauplatten.webp"
            type="image/webp"
          />
          <source
            srcSet="/images/hdm-moebelbauplatten.webp"
            type="image/jpeg"
          />
          <img
            alt="Möbelbauplatten - modernen Regalböden und Möbelbauplatten"
            src="/images/hdm-moebelbauplatten.webp"
          />
        </picture>
        <div
          className=""
        >
          <p
            className="mt-12 lg:text-lg"
          >
            Mit modernen Regalböden und Möbelbauplatten, in vielen Abmessungen und dem richtigen Zubehör, lässt sich einfach und schnell frischer Wind in alle Räume bringen.
          </p>
          <p
            className="mt-8 lg:text-lg"
          >
            Ihrer Kreativität können Sie mit dem Holzzuschnitt-Programm von Holz Design Moers freien Lauf lassen.
          </p>
        </div>
      </div>
      <div
        className="lg:max-w-md"
      >
        <header
          className="mt-16 lg:ml-32"
        >
          <h2
            className="text-4xl font-bold lg:text-5xl"
          >
            DAZU
            <sup
              className="font-normal"
            >
              ®
            </sup>
          </h2>
          <p
            className="mt-4 text-xl leading-snug lg:text-2xl"
          >
            Das Zubehörprogramm
          </p>
        </header>
        <picture
          className="block mt-12 lg:-mx-24"
        >
          <source
            srcSet="/images/hdm-dazu-zubehoer.webp"
            type="image/webp"
          />
          <source
            srcSet="/images/hdm-dazu-zubehoer.webp"
            type="image/jpeg"
          />
          <img
            alt="DAZU-Zubehörprogramm"
            src="/images/hdm-dazu-zubehoer.webp"
          />
        </picture>
        <div
          className=""
        >
          <p
            className="mt-12 lg:text-lg"
          >
            Alles was zum Anbringen von Dekorpaneele, zur Bodenverlegung, zum Bau von Mobiliar oder dem dekorativen Innenausbau notwendig ist, hat Holz Design Moers im DAZU
            <sup>
              ®
            </sup>
            -Zubehörprogramm. Verlegung und Montage einfach gemacht - mit dem DAZU
            <sup>
              ®
            </sup>
            -Zubehörprogramm.
          </p>
        </div>
      </div>
    </Accessories__Grid>
  </Accessories__BackgroundImage>
</section>
`;
