// Jest Snapshot v1, https://goo.gl/fbAQLP

exports[`Massivholztueren Testings matches snapshot 1`] = `
<section
  className="overflow-x-hidden relative lg:mt-24 "
  id="massivholztueren"
>
  <Grid
    className="container pt-20 pb-20 bg-gray-100"
  >
    <header
      className="lg:ml-32 lg:mt-8 first"
    >
      <h2
        className="text-4xl font-bold lg:text-5xl"
      >
        Massivholztüren
      </h2>
      <p
        className="mt-4 text-xl leading-snug lg:text-2xl"
      >
        Das Lamellen- und 
        <br />
         Gittertüren Programm
      </p>
    </header>
    <picture
      className="block mt-16 -mx-6 lg:ml-0 lg:-mr-32 lg:mt-0 second"
    >
      <source
        srcSet="/images/hdm-massivholztueren.webp"
        type="image/webp"
      />
      <source
        srcSet="/images/hdm-massivholztueren.png"
        type="image/png"
      />
      <img
        alt="Massivholztüren - Sorglos die Schönheit massiven Holzes genießen"
        src="/images/hdm-massivholztueren.png"
      />
    </picture>
    <div
      className="lg:-mt-16 lg:ml-32 third"
    >
      <p
        className="mt-12 lg:text-lg"
      >
        Sorglos die Schönheit massiven Holzes genießen. Denn Holz ist pure Natur und bringt eine angenehme, freundliche Atmosphäre ins Haus, unterstrichen von ruhigen Licht- und Schattenspielen der offenen Lamellen- und Gittertüren.
      </p>
      <p
        className="mt-8 lg:text-lg"
      >
        Massivholz sorgt für behagliche Wärme und ist nie langweilig.
      </p>
      <div
        className="mt-16 text-center lg:text-left lg:mt-24"
      >
        <ForwardRef(LoadableComponent)
          filename="/documents/hdm-massivholztueren.pdf"
          title="Massivholztüren Katalog"
        />
      </div>
    </div>
  </Grid>
</section>
`;
