// Jest Snapshot v1, https://goo.gl/fbAQLP

exports[`Purity Testings matches snapshot 1`] = `
<section
  className="lg:relative overflow-x-hidden mt-12 lg:mt-32 pt-20 lg:pb-20 "
  id="purity"
>
  <BackgroundImage />
  <header
    className="container mt-6"
  >
    <div
      className="lg:ml-32"
    >
      <h2
        className="text-4xl font-bold lg:text-5xl"
      >
        Purity
      </h2>
      <p
        className="mt-4 text-xl leading-snug lg:text-2xl"
      >
        Laminatboden 
        <br />
         Bio Selection
      </p>
    </div>
  </header>
  <GridBio
    className="lg:container"
  >
    <div
      className="relative mt-10 ml-6 lg:mt-16 lg:-ml-6 first"
    >
      <picture>
        <source
          srcSet="/images/hdm-purity-bio-selection.webp"
          type="image/webp"
        />
        <source
          srcSet="/images/hdm-purity-bio-selection.png"
          type="image/png"
        />
        <img
          alt="Purity - Natürlich, sauber, rein"
          src="/images/hdm-purity-bio-selection.png"
        />
      </picture>
      <Badge
        alt="HDM - Verantwortung für Mensch und Natur"
        className="hidden lg:block"
        src="/certificates/hdm-oekosiegel.png"
      />
    </div>
    <div
      className="container lg:-mt-4 lg:px-0 second"
    >
      <h4
        className="text-xl font-bold"
      >
        Bio ... Logisch!
      </h4>
      <p
        className="mt-8 lg:text-lg"
      >
        Natürlich, sauber, rein – Bei den hochwertigen Purity Laminatböden der Bio-Selection ist der Name Programm. Rund 96 % FSC-zertifiziertes Holz, die faktisch formaldehydfreie E0-Qualität und die Schadstofffreiheit dieser Böden sprechen für sich. Die Auszeichnung mit dem Blauen Engel bestätigt es.
      </p>
      <p
        className="mt-8 text-lg"
      >
        Die einfache und schnelle Verlegung ist neben den idealen Pflegeeigenschaften ein weiteres Argument.
      </p>
      <div>
        <div>
          <h3
            className="mt-8 font-bold "
          >
            Kollektion Glow – Böden mit Ausstrahlung
          </h3>
          <p>
            Eine deutlich sicht- und fühlbare Oberflächenstruktur kennzeichnet die Böden der Kollektion Glow. Der Boden gibt Inspiration für die Neugestaltung Ihrer Räume. Die umlaufende Fuge rundet das moderne Verlegebild ab.
          </p>
        </div>
        <div>
          <h3
            className="mt-8 font-bold"
          >
            Kollektion Pulse – Am Puls der Zeit
          </h3>
          <p>
            Authentische und fühlbare Maserungen folgen den Linien des Holzdekors – Dafür stehen die Laminatböden der Kollektion Pulse. Umlaufende Fugen geben dem Bild der verlegten Fläche Halt, Kontur und einen zeitgemäßen Stil.
          </p>
        </div>
        <div>
          <h3
            className="mt-8 font-bold"
          >
            Kollektion Stream - Alles andere als Mainstream
          </h3>
          <p>
            Ein Dielenformat von fast 25 cm Breite kennzeichnet diese Bigboards. Highlight ist die Oberflächenstruktur, die für außergewöhnliche Lichtbrechungen auf der Oberfläche sorgt. Kräftige Fugenlinien zeichnen das markante und individuelle Bild der verlegten Fläche.
          </p>
        </div>
        <p
          className="mt-8 font-semibold"
        >
          Ein gutes Stück Natur: 
          <br />
           Laminatfußböden aus der Purity Bio Selection.
        </p>
      </div>
    </div>
    <div
      className="container flex justify-between -mt-4 lg:space-x-6 lg:-mt-16 lg:-ml-6 lg:px-0 third"
    >
      <img
        alt="Blauer Engel 176"
        className="hidden h-24 lg:inline-block"
        src="/certificates/hdm-blauer-engel-176.png"
      />
      <img
        alt="FSC - zertifiziertes Holz"
        className="h-20 lg:h-24"
        src="/certificates/hdm-fsc.png"
      />
      <img
        alt="ohne Formaldehyd"
        className="h-20 lg:h-24"
        src="/certificates/hdm-formaldehydfrei.png"
      />
      <img
        alt="E0 - DIN EN 717-1"
        className="h-20 lg:h-24"
        src="/certificates/hdm-e0.svg"
      />
    </div>
    <div
      className="container text-center lg:text-left lg:-mt-6 lg:px-0 fourth"
    >
      <ForwardRef(LoadableComponent)
        filename="/documents/hdm-purity-bio-selection.pdf"
        title="Purity Bio Selection"
      />
    </div>
  </GridBio>
  <div
    className="mt-40"
  >
    <header
      className="container mt-6"
    >
      <div
        className="lg:ml-32"
      >
        <h2
          className="text-4xl font-bold lg:text-5xl"
        >
          Purity
        </h2>
        <p
          className="mt-4 text-xl leading-snug lg:text-2xl"
        >
          Laminatboden 
          <br />
           Home Selection
        </p>
      </div>
    </header>
    <GridHome
      className="lg:container lg:mb-12"
    >
      <picture
        className="mt-10 ml-6 lg:-mt-16 first"
      >
        <source
          srcSet="/images/hdm-purity-home-selection.webp"
          type="image/webp"
        />
        <source
          srcSet="/images/hdm-purity-home-selection.png"
          type="image/png"
        />
        <img
          alt="Purity - Natürlich, sauber, rein"
          src="/images/hdm-purity-home-selection.png"
        />
      </picture>
      <div
        className="container mt-24 lg:grid lg:mt-20 second"
      >
        <p
          className="lg:text-lg"
        >
          In der Home-Selection der Purity-Laminatbodenbeläge by HDM zeichnet sich BLOOM durch beeindruckende Dekorbilder und eine feine Glattkante aus. 
          <br />
           
          <br />
           Die Schadstofffreiheit dieser Böden spricht für sich, belegt durch die Auszeichnung mit dem Blauen Engel. Die einfache und schnelle Verlegung ist neben den idealen Pflegeeigenschaften ein weiteres Argument.
        </p>
        <h4
          className="mt-8 text-xl font-bold"
        >
          BLOOM – Einfach natürlich
        </h4>
      </div>
      <div
        className="container flex justify-between mt-12 lg:mt-16 lg:space-x-6 third"
      >
        <img
          alt="Blauer Engel 176"
          className="h-20 lg:h-24"
          src="/certificates/hdm-blauer-engel-176.png"
        />
        <img
          alt="FSC - zertifiziertes Holz"
          className="h-20 lg:h-24"
          src="/certificates/hdm-fsc.png"
        />
        <img
          alt="E1 - DIN EN 16156"
          className="h-20 lg:h-24"
          src="/certificates/hdm-e1.svg"
        />
      </div>
      <div
        className="container flex flex-col mt-16 text-center sm:flex-row lg:text-left lg:mt-24 fourth"
      >
        <ForwardRef(LoadableComponent)
          filename="/documents/hdm-purity-home-selection.pdf"
          title="Purity Home Selection"
        />
        <button
          className="inline-block w-auto px-6 py-3 mt-4 text-sm text-white rounded-full sm:mt-0 sm:ml-10 bg-hdm hover:bg-hdm-dark"
          onClick={[Function]}
        >
          <svg
            className="inline-block w-4 h-4 pb-1 mr-3 fill-current"
            viewBox="0 0 477.886 477.886"
            xmlns="http://www.w3.org/2000/svg"
          >
            <path
              d="M476.091 231.332a17.068 17.068 0 00-7.662-7.662L24.695 1.804C16.264-2.41 6.013 1.01 1.8 9.442A17.068 17.068 0 000 17.079v443.733c-.004 9.426 7.633 17.07 17.059 17.075a17.068 17.068 0 007.637-1.8L468.429 254.22c8.436-4.205 11.866-14.452 7.662-22.888z"
            />
          </svg>
           Video ansehen
        </button>
        <Modal
          isOpen={false}
          onClose={[Function]}
        >
          <EmotionCssPropInternal
            __EMOTION_TYPE_PLEASE_DO_NOT_USE__="div"
            className="flex items-center justify-center m-auto"
            css={
              Object {
                "map": "/*# sourceMappingURL=data:application/json;charset=utf-8;base64,eyJ2ZXJzaW9uIjozLCJzb3VyY2VzIjpbIlB1cml0eS50c3giXSwibmFtZXMiOltdLCJtYXBwaW5ncyI6IkFBOEp3QiIsImZpbGUiOiJQdXJpdHkudHN4Iiwic291cmNlc0NvbnRlbnQiOlsiaW1wb3J0IE1vZGFsIGZyb20gJ0AvY29tcG9uZW50cy9VSS9Nb2RhbCdcbmltcG9ydCB7IGNzcyB9IGZyb20gJ0BlbW90aW9uL2NvcmUnXG5pbXBvcnQgc3R5bGVkIGZyb20gJ0BlbW90aW9uL3N0eWxlZCdcbmltcG9ydCBkeW5hbWljIGZyb20gJ25leHQvZHluYW1pYydcbmltcG9ydCB7IHVzZVN0YXRlIH0gZnJvbSAncmVhY3QnXG5cbmV4cG9ydCBkZWZhdWx0IGZ1bmN0aW9uIFB1cml0eSh7IGNsYXNzTmFtZSA9ICcnIH06IFJlYWN0LkhUTUxBdHRyaWJ1dGVzPEhUTUxFbGVtZW50Pikge1xuICBjb25zdCBQZGYgPSBkeW5hbWljKCgpID0+IGltcG9ydCgnQC9jb21wb25lbnRzL1V0aWxzL1BkZicpLCB7IHNzcjogZmFsc2UgfSlcbiAgY29uc3QgW2lzTW9kYWxPcGVuLCBzZXRJc01vZGFsT3Blbl0gPSB1c2VTdGF0ZShmYWxzZSlcblxuICBjb25zdCBoYW5kbGVNb2RhbE9wZW4gPSAoKSA9PiB7XG4gICAgc2V0SXNNb2RhbE9wZW4odHJ1ZSlcbiAgfVxuXG4gIGNvbnN0IGhhbmRsZU1vZGFsQ2xvc2UgPSAoKSA9PiB7XG4gICAgc2V0SXNNb2RhbE9wZW4oZmFsc2UpXG4gIH1cblxuICBjb25zdCBoYW5kbGVWaWRlb0NsaWNrID0gKGV2ZW50OiBSZWFjdC5Nb3VzZUV2ZW50PEhUTUxWaWRlb0VsZW1lbnQsIE1vdXNlRXZlbnQ+KSA9PiB7XG4gICAgZXZlbnQucHJldmVudERlZmF1bHQoKVxuICAgIGNvbnN0IGVsZW1lbnQgPSBldmVudC5jdXJyZW50VGFyZ2V0XG4gICAgaWYgKGVsZW1lbnQucGF1c2VkKSBlbGVtZW50LnBsYXkoKVxuICAgIGVsc2UgZWxlbWVudC5wYXVzZSgpXG4gIH1cblxuICByZXR1cm4gKFxuICAgIDxzZWN0aW9uIGlkPVwicHVyaXR5XCIgY2xhc3NOYW1lPXtgbGc6cmVsYXRpdmUgb3ZlcmZsb3cteC1oaWRkZW4gbXQtMTIgbGc6bXQtMzIgcHQtMjAgbGc6cGItMjAgJHtjbGFzc05hbWV9YH0+XG4gICAgICA8QmFja2dyb3VuZEltYWdlIC8+XG4gICAgICA8aGVhZGVyIGNsYXNzTmFtZT1cImNvbnRhaW5lciBtdC02XCI+XG4gICAgICAgIDxkaXYgY2xhc3NOYW1lPVwibGc6bWwtMzJcIj5cbiAgICAgICAgICA8aDIgY2xhc3NOYW1lPVwidGV4dC00eGwgZm9udC1ib2xkIGxnOnRleHQtNXhsXCI+UHVyaXR5PC9oMj5cbiAgICAgICAgICA8cCBjbGFzc05hbWU9XCJtdC00IHRleHQteGwgbGVhZGluZy1zbnVnIGxnOnRleHQtMnhsXCI+XG4gICAgICAgICAgICBMYW1pbmF0Ym9kZW4gPGJyIC8+IEJpbyBTZWxlY3Rpb25cbiAgICAgICAgICA8L3A+XG4gICAgICAgIDwvZGl2PlxuICAgICAgPC9oZWFkZXI+XG5cbiAgICAgIDxHcmlkQmlvIGNsYXNzTmFtZT1cImxnOmNvbnRhaW5lclwiPlxuICAgICAgICA8ZGl2IGNsYXNzTmFtZT1cInJlbGF0aXZlIG10LTEwIG1sLTYgbGc6bXQtMTYgbGc6LW1sLTYgZmlyc3RcIj5cbiAgICAgICAgICA8cGljdHVyZT5cbiAgICAgICAgICAgIDxzb3VyY2Ugc3JjU2V0PVwiL2ltYWdlcy9oZG0tcHVyaXR5LWJpby1zZWxlY3Rpb24ud2VicFwiIHR5cGU9XCJpbWFnZS93ZWJwXCIgLz5cbiAgICAgICAgICAgIDxzb3VyY2Ugc3JjU2V0PVwiL2ltYWdlcy9oZG0tcHVyaXR5LWJpby1zZWxlY3Rpb24ucG5nXCIgdHlwZT1cImltYWdlL3BuZ1wiIC8+XG4gICAgICAgICAgICA8aW1nIHNyYz1cIi9pbWFnZXMvaGRtLXB1cml0eS1iaW8tc2VsZWN0aW9uLnBuZ1wiIGFsdD1cIlB1cml0eSAtIE5hdMO8cmxpY2gsIHNhdWJlciwgcmVpblwiIC8+XG4gICAgICAgICAgPC9waWN0dXJlPlxuICAgICAgICAgIDxCYWRnZVxuICAgICAgICAgICAgY2xhc3NOYW1lPVwiaGlkZGVuIGxnOmJsb2NrXCJcbiAgICAgICAgICAgIHNyYz1cIi9jZXJ0aWZpY2F0ZXMvaGRtLW9la29zaWVnZWwucG5nXCJcbiAgICAgICAgICAgIGFsdD1cIkhETSAtIFZlcmFudHdvcnR1bmcgZsO8ciBNZW5zY2ggdW5kIE5hdHVyXCJcbiAgICAgICAgICAvPlxuICAgICAgICA8L2Rpdj5cblxuICAgICAgICA8ZGl2IGNsYXNzTmFtZT1cImNvbnRhaW5lciBsZzotbXQtNCBsZzpweC0wIHNlY29uZFwiPlxuICAgICAgICAgIDxoNCBjbGFzc05hbWU9XCJ0ZXh0LXhsIGZvbnQtYm9sZFwiPkJpbyAuLi4gTG9naXNjaCE8L2g0PlxuXG4gICAgICAgICAgPHAgY2xhc3NOYW1lPVwibXQtOCBsZzp0ZXh0LWxnXCI+XG4gICAgICAgICAgICBOYXTDvHJsaWNoLCBzYXViZXIsIHJlaW4g4oCTIEJlaSBkZW4gaG9jaHdlcnRpZ2VuIFB1cml0eSBMYW1pbmF0YsO2ZGVuIGRlciBCaW8tU2VsZWN0aW9uIGlzdCBkZXIgTmFtZSBQcm9ncmFtbS5cbiAgICAgICAgICAgIFJ1bmQgOTYmbmJzcDslIEZTQy16ZXJ0aWZpemllcnRlcyBIb2x6LCBkaWUgZmFrdGlzY2ggZm9ybWFsZGVoeWRmcmVpZSBFMC1RdWFsaXTDpHQgdW5kIGRpZSBTY2hhZHN0b2ZmZnJlaWhlaXRcbiAgICAgICAgICAgIGRpZXNlciBCw7ZkZW4gc3ByZWNoZW4gZsO8ciBzaWNoLiBEaWUgQXVzemVpY2hudW5nIG1pdCBkZW0gQmxhdWVuIEVuZ2VsIGJlc3TDpHRpZ3QgZXMuXG4gICAgICAgICAgPC9wPlxuXG4gICAgICAgICAgPHAgY2xhc3NOYW1lPVwibXQtOCB0ZXh0LWxnXCI+XG4gICAgICAgICAgICBEaWUgZWluZmFjaGUgdW5kIHNjaG5lbGxlIFZlcmxlZ3VuZyBpc3QgbmViZW4gZGVuIGlkZWFsZW4gUGZsZWdlZWlnZW5zY2hhZnRlbiBlaW4gd2VpdGVyZXMgQXJndW1lbnQuXG4gICAgICAgICAgPC9wPlxuXG4gICAgICAgICAgPGRpdj5cbiAgICAgICAgICAgIDxkaXY+XG4gICAgICAgICAgICAgIDxoMyBjbGFzc05hbWU9XCJtdC04IGZvbnQtYm9sZCBcIj5Lb2xsZWt0aW9uIEdsb3cg4oCTIELDtmRlbiBtaXQgQXVzc3RyYWhsdW5nPC9oMz5cbiAgICAgICAgICAgICAgPHA+XG4gICAgICAgICAgICAgICAgRWluZSBkZXV0bGljaCBzaWNodC0gdW5kIGbDvGhsYmFyZSBPYmVyZmzDpGNoZW5zdHJ1a3R1ciBrZW5uemVpY2huZXQgZGllIELDtmRlbiBkZXIgS29sbGVrdGlvbiBHbG93LiBEZXJcbiAgICAgICAgICAgICAgICBCb2RlbiBnaWJ0IEluc3BpcmF0aW9uIGbDvHIgZGllIE5ldWdlc3RhbHR1bmcgSWhyZXIgUsOkdW1lLiBEaWUgdW1sYXVmZW5kZSBGdWdlIHJ1bmRldCBkYXMgbW9kZXJuZVxuICAgICAgICAgICAgICAgIFZlcmxlZ2ViaWxkIGFiLlxuICAgICAgICAgICAgICA8L3A+XG4gICAgICAgICAgICA8L2Rpdj5cblxuICAgICAgICAgICAgPGRpdj5cbiAgICAgICAgICAgICAgPGgzIGNsYXNzTmFtZT1cIm10LTggZm9udC1ib2xkXCI+S29sbGVrdGlvbiBQdWxzZSDigJMgQW0gUHVscyBkZXIgWmVpdDwvaDM+XG4gICAgICAgICAgICAgIDxwPlxuICAgICAgICAgICAgICAgIEF1dGhlbnRpc2NoZSB1bmQgZsO8aGxiYXJlIE1hc2VydW5nZW4gZm9sZ2VuIGRlbiBMaW5pZW4gZGVzIEhvbHpkZWtvcnMg4oCTIERhZsO8ciBzdGVoZW4gZGllIExhbWluYXRiw7ZkZW5cbiAgICAgICAgICAgICAgICBkZXIgS29sbGVrdGlvbiBQdWxzZS4gVW1sYXVmZW5kZSBGdWdlbiBnZWJlbiBkZW0gQmlsZCBkZXIgdmVybGVndGVuIEZsw6RjaGUgSGFsdCwgS29udHVyIHVuZCBlaW5lblxuICAgICAgICAgICAgICAgIHplaXRnZW3DpMOfZW4gU3RpbC5cbiAgICAgICAgICAgICAgPC9wPlxuICAgICAgICAgICAgPC9kaXY+XG5cbiAgICAgICAgICAgIDxkaXY+XG4gICAgICAgICAgICAgIDxoMyBjbGFzc05hbWU9XCJtdC04IGZvbnQtYm9sZFwiPktvbGxla3Rpb24gU3RyZWFtIC0gQWxsZXMgYW5kZXJlIGFscyBNYWluc3RyZWFtPC9oMz5cbiAgICAgICAgICAgICAgPHA+XG4gICAgICAgICAgICAgICAgRWluIERpZWxlbmZvcm1hdCB2b24gZmFzdCAyNSBjbSBCcmVpdGUga2VubnplaWNobmV0IGRpZXNlIEJpZ2JvYXJkcy4gSGlnaGxpZ2h0IGlzdCBkaWVcbiAgICAgICAgICAgICAgICBPYmVyZmzDpGNoZW5zdHJ1a3R1ciwgZGllIGbDvHIgYXXDn2VyZ2V3w7ZobmxpY2hlIExpY2h0YnJlY2h1bmdlbiBhdWYgZGVyIE9iZXJmbMOkY2hlIHNvcmd0LiBLcsOkZnRpZ2VcbiAgICAgICAgICAgICAgICBGdWdlbmxpbmllbiB6ZWljaG5lbiBkYXMgbWFya2FudGUgdW5kIGluZGl2aWR1ZWxsZSBCaWxkIGRlciB2ZXJsZWd0ZW4gRmzDpGNoZS5cbiAgICAgICAgICAgICAgPC9wPlxuICAgICAgICAgICAgPC9kaXY+XG5cbiAgICAgICAgICAgIDxwIGNsYXNzTmFtZT1cIm10LTggZm9udC1zZW1pYm9sZFwiPlxuICAgICAgICAgICAgICBFaW4gZ3V0ZXMgU3TDvGNrIE5hdHVyOiA8YnIgLz4gTGFtaW5hdGZ1w59iw7ZkZW4gYXVzIGRlciBQdXJpdHkgQmlvIFNlbGVjdGlvbi5cbiAgICAgICAgICAgIDwvcD5cbiAgICAgICAgICA8L2Rpdj5cbiAgICAgICAgPC9kaXY+XG5cbiAgICAgICAgPGRpdiBjbGFzc05hbWU9XCJjb250YWluZXIgZmxleCBqdXN0aWZ5LWJldHdlZW4gLW10LTQgbGc6c3BhY2UteC02IGxnOi1tdC0xNiBsZzotbWwtNiBsZzpweC0wIHRoaXJkXCI+XG4gICAgICAgICAgPGltZ1xuICAgICAgICAgICAgY2xhc3NOYW1lPVwiaGlkZGVuIGgtMjQgbGc6aW5saW5lLWJsb2NrXCJcbiAgICAgICAgICAgIHNyYz1cIi9jZXJ0aWZpY2F0ZXMvaGRtLWJsYXVlci1lbmdlbC0xNzYucG5nXCJcbiAgICAgICAgICAgIGFsdD1cIkJsYXVlciBFbmdlbCAxNzZcIlxuICAgICAgICAgIC8+XG4gICAgICAgICAgPGltZyBjbGFzc05hbWU9XCJoLTIwIGxnOmgtMjRcIiBzcmM9XCIvY2VydGlmaWNhdGVzL2hkbS1mc2MucG5nXCIgYWx0PVwiRlNDIC0gemVydGlmaXppZXJ0ZXMgSG9selwiIC8+XG4gICAgICAgICAgPGltZyBjbGFzc05hbWU9XCJoLTIwIGxnOmgtMjRcIiBzcmM9XCIvY2VydGlmaWNhdGVzL2hkbS1mb3JtYWxkZWh5ZGZyZWkucG5nXCIgYWx0PVwib2huZSBGb3JtYWxkZWh5ZFwiIC8+XG4gICAgICAgICAgPGltZyBjbGFzc05hbWU9XCJoLTIwIGxnOmgtMjRcIiBzcmM9XCIvY2VydGlmaWNhdGVzL2hkbS1lMC5zdmdcIiBhbHQ9XCJFMCAtIERJTiBFTiA3MTctMVwiIC8+XG4gICAgICAgIDwvZGl2PlxuXG4gICAgICAgIDxkaXYgY2xhc3NOYW1lPVwiY29udGFpbmVyIHRleHQtY2VudGVyIGxnOnRleHQtbGVmdCBsZzotbXQtNiBsZzpweC0wIGZvdXJ0aFwiPlxuICAgICAgICAgIDxQZGYgdGl0bGU9XCJQdXJpdHkgQmlvIFNlbGVjdGlvblwiIGZpbGVuYW1lPVwiL2RvY3VtZW50cy9oZG0tcHVyaXR5LWJpby1zZWxlY3Rpb24ucGRmXCIgLz5cbiAgICAgICAgPC9kaXY+XG4gICAgICA8L0dyaWRCaW8+XG5cbiAgICAgIDxkaXYgY2xhc3NOYW1lPVwibXQtNDBcIj5cbiAgICAgICAgPGhlYWRlciBjbGFzc05hbWU9XCJjb250YWluZXIgbXQtNlwiPlxuICAgICAgICAgIDxkaXYgY2xhc3NOYW1lPVwibGc6bWwtMzJcIj5cbiAgICAgICAgICAgIDxoMiBjbGFzc05hbWU9XCJ0ZXh0LTR4bCBmb250LWJvbGQgbGc6dGV4dC01eGxcIj5QdXJpdHk8L2gyPlxuICAgICAgICAgICAgPHAgY2xhc3NOYW1lPVwibXQtNCB0ZXh0LXhsIGxlYWRpbmctc251ZyBsZzp0ZXh0LTJ4bFwiPlxuICAgICAgICAgICAgICBMYW1pbmF0Ym9kZW4gPGJyIC8+IEhvbWUgU2VsZWN0aW9uXG4gICAgICAgICAgICA8L3A+XG4gICAgICAgICAgPC9kaXY+XG4gICAgICAgIDwvaGVhZGVyPlxuXG4gICAgICAgIDxHcmlkSG9tZSBjbGFzc05hbWU9XCJsZzpjb250YWluZXIgbGc6bWItMTJcIj5cbiAgICAgICAgICA8cGljdHVyZSBjbGFzc05hbWU9XCJtdC0xMCBtbC02IGxnOi1tdC0xNiBmaXJzdFwiPlxuICAgICAgICAgICAgPHNvdXJjZSBzcmNTZXQ9XCIvaW1hZ2VzL2hkbS1wdXJpdHktaG9tZS1zZWxlY3Rpb24ud2VicFwiIHR5cGU9XCJpbWFnZS93ZWJwXCIgLz5cbiAgICAgICAgICAgIDxzb3VyY2Ugc3JjU2V0PVwiL2ltYWdlcy9oZG0tcHVyaXR5LWhvbWUtc2VsZWN0aW9uLnBuZ1wiIHR5cGU9XCJpbWFnZS9wbmdcIiAvPlxuICAgICAgICAgICAgPGltZyBzcmM9XCIvaW1hZ2VzL2hkbS1wdXJpdHktaG9tZS1zZWxlY3Rpb24ucG5nXCIgYWx0PVwiUHVyaXR5IC0gTmF0w7xybGljaCwgc2F1YmVyLCByZWluXCIgLz5cbiAgICAgICAgICA8L3BpY3R1cmU+XG5cbiAgICAgICAgICA8ZGl2IGNsYXNzTmFtZT1cImNvbnRhaW5lciBtdC0yNCBsZzpncmlkIGxnOm10LTIwIHNlY29uZFwiPlxuICAgICAgICAgICAgPHAgY2xhc3NOYW1lPVwibGc6dGV4dC1sZ1wiPlxuICAgICAgICAgICAgICBJbiBkZXIgSG9tZS1TZWxlY3Rpb24gZGVyIFB1cml0eS1MYW1pbmF0Ym9kZW5iZWzDpGdlIGJ5IEhETSB6ZWljaG5ldCBzaWNoIEJMT09NIGR1cmNoIGJlZWluZHJ1Y2tlbmRlXG4gICAgICAgICAgICAgIERla29yYmlsZGVyIHVuZCBlaW5lIGZlaW5lIEdsYXR0a2FudGUgYXVzLiA8YnIgLz4gPGJyIC8+IERpZSBTY2hhZHN0b2ZmZnJlaWhlaXQgZGllc2VyIELDtmRlbiBzcHJpY2h0IGZ1zIhyXG4gICAgICAgICAgICAgIHNpY2gsIGJlbGVndCBkdXJjaCBkaWUgQXVzemVpY2hudW5nIG1pdCBkZW0gQmxhdWVuIEVuZ2VsLiBEaWUgZWluZmFjaGUgdW5kIHNjaG5lbGxlIFZlcmxlZ3VuZyBpc3QgbmViZW5cbiAgICAgICAgICAgICAgZGVuIGlkZWFsZW4gUGZsZWdlZWlnZW5zY2hhZnRlbiBlaW4gd2VpdGVyZXMgQXJndW1lbnQuXG4gICAgICAgICAgICA8L3A+XG4gICAgICAgICAgICA8aDQgY2xhc3NOYW1lPVwibXQtOCB0ZXh0LXhsIGZvbnQtYm9sZFwiPkJMT09NIOKAkyBFaW5mYWNoIG5hdMO8cmxpY2g8L2g0PlxuICAgICAgICAgIDwvZGl2PlxuXG4gICAgICAgICAgPGRpdiBjbGFzc05hbWU9XCJjb250YWluZXIgZmxleCBqdXN0aWZ5LWJldHdlZW4gbXQtMTIgbGc6bXQtMTYgbGc6c3BhY2UteC02IHRoaXJkXCI+XG4gICAgICAgICAgICA8aW1nIGNsYXNzTmFtZT1cImgtMjAgbGc6aC0yNFwiIHNyYz1cIi9jZXJ0aWZpY2F0ZXMvaGRtLWJsYXVlci1lbmdlbC0xNzYucG5nXCIgYWx0PVwiQmxhdWVyIEVuZ2VsIDE3NlwiIC8+XG4gICAgICAgICAgICA8aW1nIGNsYXNzTmFtZT1cImgtMjAgbGc6aC0yNFwiIHNyYz1cIi9jZXJ0aWZpY2F0ZXMvaGRtLWZzYy5wbmdcIiBhbHQ9XCJGU0MgLSB6ZXJ0aWZpemllcnRlcyBIb2x6XCIgLz5cbiAgICAgICAgICAgIDxpbWcgY2xhc3NOYW1lPVwiaC0yMCBsZzpoLTI0XCIgc3JjPVwiL2NlcnRpZmljYXRlcy9oZG0tZTEuc3ZnXCIgYWx0PVwiRTEgLSBESU4gRU4gMTYxNTZcIiAvPlxuICAgICAgICAgIDwvZGl2PlxuXG4gICAgICAgICAgPGRpdiBjbGFzc05hbWU9XCJjb250YWluZXIgZmxleCBmbGV4LWNvbCBtdC0xNiB0ZXh0LWNlbnRlciBzbTpmbGV4LXJvdyBsZzp0ZXh0LWxlZnQgbGc6bXQtMjQgZm91cnRoXCI+XG4gICAgICAgICAgICA8UGRmIHRpdGxlPVwiUHVyaXR5IEhvbWUgU2VsZWN0aW9uXCIgZmlsZW5hbWU9XCIvZG9jdW1lbnRzL2hkbS1wdXJpdHktaG9tZS1zZWxlY3Rpb24ucGRmXCIgLz5cbiAgICAgICAgICAgIDxidXR0b25cbiAgICAgICAgICAgICAgY2xhc3NOYW1lPVwiaW5saW5lLWJsb2NrIHctYXV0byBweC02IHB5LTMgbXQtNCB0ZXh0LXNtIHRleHQtd2hpdGUgcm91bmRlZC1mdWxsIHNtOm10LTAgc206bWwtMTAgYmctaGRtIGhvdmVyOmJnLWhkbS1kYXJrXCJcbiAgICAgICAgICAgICAgb25DbGljaz17aGFuZGxlTW9kYWxPcGVufVxuICAgICAgICAgICAgPlxuICAgICAgICAgICAgICB7cGxheUljb259IFZpZGVvIGFuc2VoZW5cbiAgICAgICAgICAgIDwvYnV0dG9uPlxuICAgICAgICAgICAgPE1vZGFsIGlzT3Blbj17aXNNb2RhbE9wZW59IG9uQ2xvc2U9e2hhbmRsZU1vZGFsQ2xvc2V9PlxuICAgICAgICAgICAgICA8ZGl2XG4gICAgICAgICAgICAgICAgY2xhc3NOYW1lPVwiZmxleCBpdGVtcy1jZW50ZXIganVzdGlmeS1jZW50ZXIgbS1hdXRvXCJcbiAgICAgICAgICAgICAgICBjc3M9e2Nzc2BcbiAgICAgICAgICAgICAgICAgIEBtZWRpYSAobWluLXdpZHRoOiA3NjhweCkge1xuICAgICAgICAgICAgICAgICAgICBtYXgtd2lkdGg6IDYwJTtcbiAgICAgICAgICAgICAgICAgIH1cbiAgICAgICAgICAgICAgICBgfVxuICAgICAgICAgICAgICA+XG4gICAgICAgICAgICAgICAgPHZpZGVvIGNsYXNzTmFtZT1cIm91dGxpbmUtbm9uZVwiIGNvbnRyb2xzIGF1dG9QbGF5IG9uQ2xpY2s9e2hhbmRsZVZpZGVvQ2xpY2t9PlxuICAgICAgICAgICAgICAgICAgPHNvdXJjZSBzcmM9XCIvdmlkZW9zL2hkbS1wdXJpdHkud2VibVwiIHR5cGU9XCJ2aWRlby93ZWJtXCIgLz5cbiAgICAgICAgICAgICAgICAgIDxzb3VyY2Ugc3JjPVwiL3ZpZGVvcy9oZG0tcHVyaXR5Lm1wNFwiIHR5cGU9XCJ2aWRlby9tcDRcIiAvPlxuICAgICAgICAgICAgICAgIDwvdmlkZW8+XG4gICAgICAgICAgICAgIDwvZGl2PlxuICAgICAgICAgICAgPC9Nb2RhbD5cbiAgICAgICAgICA8L2Rpdj5cbiAgICAgICAgPC9HcmlkSG9tZT5cbiAgICAgIDwvZGl2PlxuICAgIDwvc2VjdGlvbj5cbiAgKVxufVxuXG5jb25zdCBCYWNrZ3JvdW5kSW1hZ2UgPSBzdHlsZWQuZGl2YFxuICBAbWVkaWEgKG1pbi13aWR0aDogMTAyNHB4KSB7XG4gICAgcG9zaXRpb246IGFic29sdXRlO1xuICAgIHRvcDogMDtcbiAgICByaWdodDogMDtcbiAgICBib3R0b206IDA7XG4gICAgbGVmdDogMDtcbiAgICB6LWluZGV4OiAtMjtcbiAgICBiYWNrZ3JvdW5kLWNvbG9yOiAjZjdmYWZjO1xuXG4gICAgJjo6YmVmb3JlIHtcbiAgICAgIHBvc2l0aW9uOiBhYnNvbHV0ZTtcbiAgICAgIHRvcDogNSU7XG4gICAgICByaWdodDogLTUwJTtcbiAgICAgIHotaW5kZXg6IC0xO1xuICAgICAgd2lkdGg6IGNhbGMoMi45MzMzICogOTAlKTtcbiAgICAgIGhlaWdodDogOTAlO1xuICAgICAgYmFja2dyb3VuZDogdXJsKC9jaS9oZG0tYmcuc3ZnKSBuby1yZXBlYXQ7XG4gICAgICBvcGFjaXR5OiAwLjA1O1xuICAgICAgY29udGVudDogJyc7XG4gICAgfVxuICB9XG5gXG5cbmNvbnN0IEdyaWRCaW8gPSBzdHlsZWQuZGl2YFxuICBkaXNwbGF5OiBncmlkO1xuICBncmlkLXRlbXBsYXRlLWFyZWFzOlxuICAgICdncmlkLWl0ZW0tMSdcbiAgICAnZ3JpZC1pdGVtLTInXG4gICAgJ2dyaWQtaXRlbS0zJ1xuICAgICdncmlkLWl0ZW0tNCc7XG4gIGdyaWQtdGVtcGxhdGUtY29sdW1uczogMWZyO1xuICBnYXA6IDZyZW07XG5cbiAgQG1lZGlhIChtaW4td2lkdGg6IDEwMjRweCkge1xuICAgIGdyaWQtdGVtcGxhdGUtYXJlYXM6XG4gICAgICAnZ3JpZC1pdGVtLTEgZ3JpZC1pdGVtLTInXG4gICAgICAnZ3JpZC1pdGVtLTMgZ3JpZC1pdGVtLTQnO1xuICAgIGdyaWQtdGVtcGxhdGUtY29sdW1uczogMS4xZnIgMC45ZnI7XG4gIH1cblxuICAmID4gLmZpcnN0IHtcbiAgICBncmlkLWFyZWE6IGdyaWQtaXRlbS0xO1xuICB9XG5cbiAgJiA+IC5zZWNvbmQge1xuICAgIGdyaWQtYXJlYTogZ3JpZC1pdGVtLTI7XG4gIH1cblxuICAmID4gLnRoaXJkIHtcbiAgICBncmlkLWFyZWE6IGdyaWQtaXRlbS0zO1xuICB9XG5cbiAgJiA+IC5mb3VydGgge1xuICAgIGdyaWQtYXJlYTogZ3JpZC1pdGVtLTQ7XG4gIH1cbmBcblxuY29uc3QgR3JpZEhvbWUgPSBzdHlsZWQuZGl2YFxuICBkaXNwbGF5OiBncmlkO1xuICBncmlkLXRlbXBsYXRlLWFyZWFzOlxuICAgICdncmlkLWl0ZW0tMSdcbiAgICAnZ3JpZC1pdGVtLTInXG4gICAgJ2dyaWQtaXRlbS0zJ1xuICAgICdncmlkLWl0ZW0tNCc7XG4gIGdyaWQtdGVtcGxhdGUtY29sdW1uczogMWZyO1xuICBjb2x1bW4tZ2FwOiA2cmVtO1xuXG4gIEBtZWRpYSAobWluLXdpZHRoOiAxMDI0cHgpIHtcbiAgICBncmlkLXRlbXBsYXRlLWFyZWFzOlxuICAgICAgJ2dyaWQtaXRlbS0yIGdyaWQtaXRlbS0xJ1xuICAgICAgJ2dyaWQtaXRlbS0zIGdyaWQtaXRlbS0xJ1xuICAgICAgJ2dyaWQtaXRlbS00IGdyaWQtaXRlbS0xJztcbiAgICBncmlkLXRlbXBsYXRlLWNvbHVtbnM6IDAuOWZyIDEuMWZyO1xuICB9XG5cbiAgJiA+IC5maXJzdCB7XG4gICAgZ3JpZC1hcmVhOiBncmlkLWl0ZW0tMTtcbiAgfVxuXG4gICYgPiAuc2Vjb25kIHtcbiAgICBncmlkLWFyZWE6IGdyaWQtaXRlbS0yO1xuICB9XG5cbiAgJiA+IC50aGlyZCB7XG4gICAgZ3JpZC1hcmVhOiBncmlkLWl0ZW0tMztcbiAgfVxuXG4gICYgPiAuZm91cnRoIHtcbiAgICBncmlkLWFyZWE6IGdyaWQtaXRlbS00O1xuICB9XG5gXG5cbmNvbnN0IEJhZGdlID0gc3R5bGVkLmltZ2BcbiAgcG9zaXRpb246IGFic29sdXRlO1xuICBib3R0b206IDVyZW07XG4gIGxlZnQ6IDVyZW07XG5gXG5cbmNvbnN0IHBsYXlJY29uID0gKFxuICA8c3ZnXG4gICAgY2xhc3NOYW1lPVwiaW5saW5lLWJsb2NrIHctNCBoLTQgcGItMSBtci0zIGZpbGwtY3VycmVudFwiXG4gICAgeG1sbnM9XCJodHRwOi8vd3d3LnczLm9yZy8yMDAwL3N2Z1wiXG4gICAgdmlld0JveD1cIjAgMCA0NzcuODg2IDQ3Ny44ODZcIlxuICA+XG4gICAgPHBhdGggZD1cIk00NzYuMDkxIDIzMS4zMzJhMTcuMDY4IDE3LjA2OCAwIDAwLTcuNjYyLTcuNjYyTDI0LjY5NSAxLjgwNEMxNi4yNjQtMi40MSA2LjAxMyAxLjAxIDEuOCA5LjQ0MkExNy4wNjggMTcuMDY4IDAgMDAwIDE3LjA3OXY0NDMuNzMzYy0uMDA0IDkuNDI2IDcuNjMzIDE3LjA3IDE3LjA1OSAxNy4wNzVhMTcuMDY4IDE3LjA2OCAwIDAwNy42MzctMS44TDQ2OC40MjkgMjU0LjIyYzguNDM2LTQuMjA1IDExLjg2Ni0xNC40NTIgNy42NjItMjIuODg4elwiIC8+XG4gIDwvc3ZnPlxuKVxuIl19 */",
                "name": "mdsbod-Purity",
                "styles": "@media (min-width:768px){max-width:60%;};label:Purity;",
                "toString": [Function],
              }
            }
          >
            <video
              autoPlay={true}
              className="outline-none"
              controls={true}
              onClick={[Function]}
            >
              <source
                src="/videos/hdm-purity.webm"
                type="video/webm"
              />
              <source
                src="/videos/hdm-purity.mp4"
                type="video/mp4"
              />
            </video>
          </EmotionCssPropInternal>
        </Modal>
      </div>
    </GridHome>
  </div>
</section>
`;
