// Jest Snapshot v1, https://goo.gl/fbAQLP

exports[`Crossflex component matches snapshot 1`] = `
.emotion-0 {
  display: grid;
  grid-template-areas: 'grid-item-1' 'grid-item-2' 'grid-item-3';
  grid-template-columns: 1fr;
}

@media (min-width: 1024px) {
  .emotion-0 {
    grid-template-areas: 'grid-item-1 grid-item-3' 'grid-item-2 grid-item-2';
    grid-template-columns: 1fr 1fr;
  }
}

.emotion-0>.first {
  grid-area: grid-item-1;
}

.emotion-0>.second {
  grid-area: grid-item-2;
}

.emotion-0>.third {
  grid-area: grid-item-3;
}

<section
  id="crossflex"
>
  <header
    class="container grid mt-6 lg:mt-32 emotion-0 emotion-1"
  >
    <div
      class="lg:ml-32 first"
    >
      <h2
        class="text-4xl font-bold lg:text-5xl"
      >
        Crossflex
      </h2>
      <p
        class="mt-4 text-xl leading-snug lg:text-2xl"
      >
        Dekorpaneele für 
        <span
          class="lg:block"
        >
          Wand und Decke
        </span>
      </p>
    </div>
    <picture
      class="mt-4 -ml-6 -mr-6 lg:mt-16 second"
    >
      <source
        srcset="/images/hdm-crossflex.webp"
        type="image/webp"
      />
      <source
        srcset="/images/hdm-crossflex.jpg"
        type="image/jpeg"
      />
      <img
        alt="Crossflex - Dekorpaneele für Wand und Decke"
        loading="lazy"
        src="/images/hdm-crossflex.jpg"
      />
    </picture>
    <p
      class="mt-8 lg:mt-0 lg:-ml-24 lg:mr-8 lg:text-lg third"
    >
      Mit hochglänzenden bis hin zu supermatten Oberflächen, unterschiedlichen Fugenbreiten und einer Vielfalt an Dekoren, Formaten und Stärken sind der modernen und kreativen Raumgestaltung keine Grenzen gesetzt. 
      <br />
       Der Begriff Paneele neu gedacht: Das Dekorpaneel als großflächige oder partielle Wandverkleidung, ansprechendes Design-Element oder nur ein Akzent. 
      <br />
       
      <br />
      Das Crossflex Dekorpaneel: Wand- und Deckenpaneele der neuen Genenration.
    </p>
  </header>
  <div
    class="container lg:grid lg:gap-x-16 lg:grid-cols-2 lg:mt-20"
  >
    <div
      class="lg:ml-24"
    >
      <div>
        <h3
          class="mt-8 font-bold "
        >
          Crossflex Hydro - Besonders Feuchtraum-geeignet
        </h3>
        <p>
          Die spezielle Zusammensetzung des Trägers garantiert besondere Beständigkeit gegen Feuchtigkeit.
        </p>
      </div>
      <div>
        <h3
          class="mt-8 font-bold"
        >
          Crossflex Essential - Ein Dekor in vielen Formaten
        </h3>
        <p>
          Zehn verschiedene Formate bringen die Vielfalt dieser Kollektion zum Ausdruck.
        </p>
      </div>
      <div>
        <h3
          class="mt-8 font-bold"
        >
          Crossflex Advance - Besondere Optik durch 4-seitige V-Fuge
        </h3>
        <p>
          Advance überzeugt durch die umlaufende Fase auf ganzer Linie.
        </p>
      </div>
    </div>
    <div
      class="lg:mr-24"
    >
      <div>
        <h3
          class="mt-8 font-bold"
        >
          Crossflex Swift - Einfach und schnell.
        </h3>
        <p>
          Verlegen Sie Swift herkömmlich oder schnell und mühelos durch simples Tackern der Paneele.
        </p>
      </div>
      <div>
        <h3
          class="mt-8 font-bold"
        >
          Crossflex Level - Beeindruckende 3D-Optik
        </h3>
        <p>
          Durch die Kombination von zwei Paneelstärken – 6 und 10 mm – ergibt sich ein beeindruckend dreidimensionales Verlegebild.
        </p>
      </div>
      <div>
        <h3
          class="mt-8 font-bold"
        >
          Crossflex Space - Optische Distanz von 10 mm
        </h3>
        <p>
          Die betont große Fuge gibt der typischen Paneeloptik Raum.
        </p>
      </div>
    </div>
  </div>
  <div
    class="container flex flex-col justify-center mt-12 text-center sm:flex-row lg:text-left lg:mt-24"
  >
    <button
      class="inline-block px-6 py-3 mt-4 text-sm text-white rounded-full sm:mt-0 sm:ml-10 bg-hdm hover:bg-hdm-dark"
    >
      <svg
        class=" inline-block w-4 h-4 pb-1 mr-3 fill-current"
        viewBox="0 0 477.886 477.886"
        xmlns="http://www.w3.org/2000/svg"
      >
        <path
          d="M476.091 231.332a17.068 17.068 0 00-7.662-7.662L24.695 1.804C16.264-2.41 6.013 1.01 1.8 9.442A17.068 17.068 0 000 17.079v443.733c-.004 9.426 7.633 17.07 17.059 17.075a17.068 17.068 0 007.637-1.8L468.429 254.22c8.436-4.205 11.866-14.452 7.662-22.888z"
        />
      </svg>
       Video ansehen
    </button>
  </div>
</section>
`;
