// Jest Snapshot v1, https://goo.gl/fbAQLP

exports[`Massivholztueren component matches snapshot 1`] = `
.emotion-0 {
  display: grid;
  grid-template-areas: 'grid-item-1' 'grid-item-2' 'grid-item-3';
  grid-template-columns: 1fr;
}

@media (min-width: 1024px) {
  .emotion-0 {
    grid-template-areas: 'grid-item-1 grid-item-2' 'grid-item-3 grid-item-2';
    grid-template-columns: 1fr 1fr;
    -webkit-column-gap: 8rem;
    column-gap: 8rem;
  }
}

.emotion-0>.first {
  grid-area: grid-item-1;
}

.emotion-0>.second {
  grid-area: grid-item-2;
}

.emotion-0>.third {
  grid-area: grid-item-3;
}

<section
  class="overflow-x-hidden relative lg:mt-24 "
  id="massivholztueren"
>
  <div
    class="container pt-20 pb-20 bg-gray-100 emotion-0 emotion-1"
  >
    <header
      class="lg:ml-32 lg:mt-8 first"
    >
      <h2
        class="text-4xl font-bold lg:text-5xl"
      >
        Massivholztüren
      </h2>
      <p
        class="mt-4 text-xl leading-snug lg:text-2xl"
      >
        Das Lamellen- und 
        <br />
         Gittertüren Programm
      </p>
    </header>
    <div
      class="mt-16 -mx-6 lg:ml-0 lg:-mr-32 lg:mt-0 second"
    >
      <div
        style="display: inline-block; max-width: 100%; overflow: hidden; position: relative; box-sizing: border-box; margin: 0px;"
      >
        <div
          style="box-sizing: border-box; display: block; max-width: 100%;"
        >
          <img
            alt=""
            aria-hidden="true"
            role="presentation"
            src="data:image/svg+xml;base64,PHN2ZyB3aWR0aD0iNzY4IiBoZWlnaHQ9Ijc3OSIgeG1sbnM9Imh0dHA6Ly93d3cudzMub3JnLzIwMDAvc3ZnIiB2ZXJzaW9uPSIxLjEiLz4="
            style="max-width: 100%; display: block; margin: 0px; padding: 0px;"
          />
        </div>
        <img
          alt="Massivholztüren - Sorglos die Schönheit massiven Holzes genießen"
          decoding="async"
          src="data:image/gif;base64,R0lGODlhAQABAIAAAAAAAP///yH5BAEAAAAALAAAAAABAAEAAAIBRAA7"
          style="visibility: hidden; position: absolute; top: 0px; left: 0px; bottom: 0px; right: 0px; box-sizing: border-box; padding: 0px; margin: auto; display: block; width: 0px; height: 0px; min-width: 100%; max-width: 100%; min-height: 100%; max-height: 100%;"
        />
      </div>
    </div>
    <div
      class="lg:-mt-16 lg:ml-32 third"
    >
      <p
        class="mt-12 lg:text-lg"
      >
        Sorglos die Schönheit massiven Holzes genießen. Denn Holz ist pure Natur und bringt eine angenehme, freundliche Atmosphäre ins Haus, unterstrichen von ruhigen Licht- und Schattenspielen der offenen Lamellen- und Gittertüren.
      </p>
      <p
        class="mt-8 lg:text-lg"
      >
        Massivholz sorgt für behagliche Wärme und ist nie langweilig.
      </p>
      <div
        class="mt-16 text-center lg:text-left lg:mt-24"
      />
    </div>
  </div>
</section>
`;
