// Jest Snapshot v1, https://goo.gl/fbAQLP

exports[`Strips component matches snapshot 1`] = `
<section
  class="overflow-x-hidden py-20 lg:mt-24 "
  id="strips"
>
  <div
    class="container"
  >
    <header
      class="lg:ml-32"
    >
      <h2
        class="text-4xl font-bold lg:text-5xl"
      >
        UMA
        <sup>
          ®
        </sup>
        -Leisten
      </h2>
      <p
        class="mt-4 text-xl leading-snug lg:text-2xl"
      >
        Für den nahezu dekorgleichen 
        <br />
         Wand- und Deckenabschluss
      </p>
    </header>
    <div
      class="flex flex-col-reverse justify-between lg:ml-32 lg:flex-row"
    >
      <div
        class="lg:w-1/2"
      >
        <p
          class="max-w-md mt-12 lg:text-lg"
        >
          Ob als Abschluss für Dekorpaneele an Wand und Decke oder als Fußleiste für den sauberen Wandabschluss bei Bodenbelägen:
        </p>
        <p
          class="max-w-md mt-8 lg:text-lg"
        >
          Die dekorativ ummantelten UMA
          <sup>
            ®
          </sup>
          -Leisten haben wir in zahlreichen Dekoren und verschiedenen Formatvarianten im Sortiment.
        </p>
        <div
          class="mt-16 lg:w-3/4"
        >
          <img
            alt="UMA - Fußleisten von HDM"
            class="mt-16 lg:w-3/4"
            loading="lazy"
            src="/images/hdm-fussleisten.jpg"
          />
        </div>
      </div>
      <div
        class="lg:w-1/3 lg:-mt-40 lg:mr-12"
      >
        <picture
          class="block mt-12 lg:-mx-24"
        >
          <source
            srcset="/images/hdm-leisten.webp"
            type="image/webp"
          />
          <source
            srcset="/images/hdm-leisten.png"
            type="image/jpeg"
          />
          <img
            alt="UMA - Leisten"
            loading="lazy"
            src="/images/hdm-leisten.png"
          />
        </picture>
      </div>
    </div>
  </div>
  <div
    class="container mt-24"
  >
    <header
      class="lg:ml-32"
    >
      <h2
        class="text-4xl font-bold leading-tight lg:text-5xl"
      >
        Massivholzleisten
      </h2>
    </header>
    <div
      class="flex flex-col justify-around lg:mt-40 lg:ml-32 lg:flex-row"
    >
      <div
        class="lg:-mt-16 lg:w-1/3"
      >
        <picture
          class="block mt-16 lg:-ml-32"
        >
          <source
            srcset="/images/hdm-leisten-massiv.webp"
            type="image/webp"
          />
          <source
            srcset="/images/hdm-leisten-massiv.png"
            type="image/jpeg"
          />
          <img
            alt="UMA - Leisten"
            loading="lazy"
            src="/images/hdm-leisten-massiv.png"
          />
        </picture>
      </div>
      <div
        class="mt-12 lg:-mt-16 lg:w-2/3 lg:max-w-md"
      >
        <p
          class="lg:text-lg lg:-ml-20"
        >
          Massivholzleisten bieten den letzten Schliff für die handwerkliche Perfektion. Astfreie Fichte-, Kiefer- und Buchenleisten - natur oder weiß lackiert - geben den perfekten Abschluss im Raum oder auch beim Bau von Holzmöbeln.
        </p>
        <p
          class="mt-12 lg:-ml-20 lg:text-lg"
        >
          Auch das große Sortiment an Kurzleisten, Bastelleisten und Stäben überzeugt und lässt keine Wünsche offen.
        </p>
        <p
          class="mt-12 lg:-ml-20 lg:text-lg"
        >
          Holz Design Moers: Leisten und Stäbe für jeden Zweck und jede Anwendung.
        </p>
        <ul
          class="mt-12 lg:mt-24 lg:text-lg"
        >
          <li>
            <svg
              class="inline w-8 h-8 text-hdm"
              fill="none"
              stroke="currentColor"
              viewBox="0 0 24 24"
              xmlns="http://www.w3.org/2000/svg"
            >
              <path
                d="M5 13l4 4L19 7"
              />
            </svg>
             
            Rechteck- und Quadratleisten
          </li>
          <li>
            <svg
              class="inline w-8 h-8 text-hdm"
              fill="none"
              stroke="currentColor"
              viewBox="0 0 24 24"
              xmlns="http://www.w3.org/2000/svg"
            >
              <path
                d="M5 13l4 4L19 7"
              />
            </svg>
             
            Dreikantleisten
          </li>
          <li>
            <svg
              class="inline w-8 h-8 text-hdm"
              fill="none"
              stroke="currentColor"
              viewBox="0 0 24 24"
              xmlns="http://www.w3.org/2000/svg"
            >
              <path
                d="M5 13l4 4L19 7"
              />
            </svg>
             
            Winkelleisten
          </li>
          <li>
            <svg
              class="inline w-8 h-8 text-hdm"
              fill="none"
              stroke="currentColor"
              viewBox="0 0 24 24"
              xmlns="http://www.w3.org/2000/svg"
            >
              <path
                d="M5 13l4 4L19 7"
              />
            </svg>
             
            Hohlkehlleisten
          </li>
          <li>
            <svg
              class="inline w-8 h-8 text-hdm"
              fill="none"
              stroke="currentColor"
              viewBox="0 0 24 24"
              xmlns="http://www.w3.org/2000/svg"
            >
              <path
                d="M5 13l4 4L19 7"
              />
            </svg>
             
            Abdeck- und Tapetenleisten
          </li>
          <li>
            <svg
              class="inline w-8 h-8 text-hdm"
              fill="none"
              stroke="currentColor"
              viewBox="0 0 24 24"
              xmlns="http://www.w3.org/2000/svg"
            >
              <path
                d="M5 13l4 4L19 7"
              />
            </svg>
             
            Viertelstäbe
          </li>
          <li>
            <svg
              class="inline w-8 h-8 text-hdm"
              fill="none"
              stroke="currentColor"
              viewBox="0 0 24 24"
              xmlns="http://www.w3.org/2000/svg"
            >
              <path
                d="M5 13l4 4L19 7"
              />
            </svg>
             
            Rund- und Halbrundstäbe
          </li>
          <li>
            <svg
              class="inline w-8 h-8 text-hdm"
              fill="none"
              stroke="currentColor"
              viewBox="0 0 24 24"
              xmlns="http://www.w3.org/2000/svg"
            >
              <path
                d="M5 13l4 4L19 7"
              />
            </svg>
             
            Schnitz- und Prägeleisten
          </li>
          <li>
            <svg
              class="inline w-8 h-8 text-hdm"
              fill="none"
              stroke="currentColor"
              viewBox="0 0 24 24"
              xmlns="http://www.w3.org/2000/svg"
            >
              <path
                d="M5 13l4 4L19 7"
              />
            </svg>
             
            <em>
              und noch mehr …
            </em>
          </li>
        </ul>
      </div>
    </div>
  </div>
</section>
`;
