// Jest Snapshot v1, https://goo.gl/fbAQLP

exports[`Downloads component matches snapshot 1`] = `
.emotion-0 {
  display: block;
}

.emotion-0 .download-list__item {
  margin-top: 1rem;
}

@media (min-width: 1024px) {
  .emotion-0 .download-list {
    display: -webkit-box;
    display: -webkit-flex;
    display: -ms-flexbox;
    display: flex;
    -webkit-box-flex-wrap: wrap;
    -webkit-flex-wrap: wrap;
    -ms-flex-wrap: wrap;
    flex-wrap: wrap;
    width: 100%;
  }

  .emotion-0 .download-list__item {
    -webkit-flex: 40%;
    -ms-flex: 40%;
    flex: 40%;
    margin-top: 2rem;
  }

  .emotion-0 .download-list__item:nth-of-type(even) {
    margin-left: 2rem;
  }
}

<section
  class="container lg:px-32  emotion-0 emotion-1"
>
  <h3
    class="mt-24 text-2xl font-bold lg:text-3xl"
  >
    FSC / PEFC
  </h3>
  <div
    class="mt-8 download-list"
  >
    <div
      class="lg:text-lg download-list__item"
    />
  </div>
</section>
`;
