// Jest Snapshot v1, https://goo.gl/fbAQLP

exports[`Footer Testings matches snapshot 1`] = `
<FooterStyled
  className="lg:mt-40 pb-10 "
  id="kontakt"
>
  <section
    className="container lg:flex lg:justify-between lg:space-x-6"
  >
    <h2
      className="py-16 text-4xl font-bold leading-10 lg:pt-0"
    >
      Nehmen Sie 
      <br />
      Kontakt mit 
      <br />
      uns auf
    </h2>
    <Address>
      Holz Design Moers GmbH 
      <br />
      Am Schürmannshütt 23 
      <br />
      47441 Moers
    </Address>
    <Address
      className="mt-6 lg:mt-0"
    >
      Telefon:
       
      <a
        className="underline hover:text-hdm-dark"
        href="tel:+4928411401101"
      >
        +49 2841 1401 101
      </a>
      <br />
      Telefax: +49 2841 1401 180 
      <br />
      E-Mail:
       
      <a
        className="underline hover:text-hdm-dark"
        href="mailto:info@hdm.gmbh"
      >
        info@hdm.gmbh
      </a>
    </Address>
    <div
      className="mt-24 lg:mt-0"
    >
      <Link
        href="/"
      >
        <a>
          <img
            alt="Logo der HDM GmbH"
            className="w-48"
            src="/ci/hdm-logo.svg"
          />
        </a>
      </Link>
    </div>
  </section>
  <section
    className="container mt-6 text-lg leading-10 lg:flex lg:justify-center"
  >
    <p>
      © 2020 Holz Design Moers GmbH
    </p>
    <nav
      className="mt-2 leading-8 lg:mt-0"
    >
      <Link
        href="/impressum"
      >
        <a
          className="underline hover:text-hdm-dark lg:ml-8"
        >
          Impressum
        </a>
      </Link>
      <Link
        href="/datenschutz"
      >
        <a
          className="ml-8 underline hover:text-hdm-dark"
        >
          Datenschutz
        </a>
      </Link>
    </nav>
  </section>
  <div
    className="container my-10 text-right lg:text-center"
  >
    <button
      id="back-to-top-button"
      onClick={[Function]}
    >
      <svg
        className="inline-block w-6 transform -rotate-90"
        viewBox="0 0 24.242 45"
        xmlns="http://www.w3.org/2000/svg"
      >
        <path
          d="M126.031,21.266,105.252.486A1.732,1.732,0,0,0,102.8,2.935L122.359,22.49,102.8,42.045a1.731,1.731,0,0,0,2.448,2.448l20.779-20.779A1.732,1.732,0,0,0,126.031,21.266Z"
          fill="#0084b0"
          transform="translate(-102.297 0)"
        />
      </svg>
    </button>
  </div>
</FooterStyled>
`;
