// Jest Snapshot v1, https://goo.gl/fbAQLP

exports[`Accessories Testings matches snapshot 1`] = `
<section
  className="lg:bg-gray-100 overflow-x-hidden lg:mt-24 "
  id="accessories"
>
  <Accessories__BackgroundImage>
    <Accessories__Grid
      className="container pt-20 lg:pb-20"
    >
      <div
        className="lg:max-w-md"
      >
        <header
          className="lg:mt-16"
        >
          <div>
            <h2
              className="text-4xl font-bold lg:text-5xl"
            >
              Möbelbauplatten
            </h2>
          </div>
        </header>
        <picture
          className="block mt-12 lg:-mx-24"
        >
          <source
            srcSet="/images/hdm-moebelbauplatten.webp"
            type="image/webp"
          />
          <source
            srcSet="/images/hdm-moebelbauplatten.webp"
            type="image/jpeg"
          />
          <img
            alt="Möbelbauplatten - modernen Regalböden und Möbelbauplatten"
            src="/images/hdm-moebelbauplatten.webp"
          />
        </picture>
        <div
          className=""
        >
          <p
            className="mt-12 lg:text-lg"
          >
            Mit modernen Regalböden und Möbelbauplatten, in vielen Abmessungen und dem richtigen Zubehör, lässt sich einfach und schnell frischer Wind in alle Räume bringen.
          </p>
          <p
            className="mt-8 lg:text-lg"
          >
            Ihrer Kreativität können Sie mit dem Holzzuschnitt-Programm von Holz Design Moers freien Lauf lassen.
          </p>
        </div>
      </div>
      <div
        className="lg:max-w-md"
      >
        <header
          className="mt-16"
        >
          <div>
            <h2
              className="text-4xl font-bold lg:text-5xl"
            >
              DAZU-Zubehör
            </h2>
          </div>
        </header>
        <picture
          className="block mt-12 lg:-mx-24"
        >
          <source
            srcSet="/images/hdm-dazu-zubehoer.webp"
            type="image/webp"
          />
          <source
            srcSet="/images/hdm-dazu-zubehoer.webp"
            type="image/jpeg"
          />
          <img
            alt="DAZU-Zubehörprogramm"
            src="/images/hdm-dazu-zubehoer.webp"
          />
        </picture>
        <div
          className=""
        >
          <p
            className="mt-12 lg:text-lg"
          >
            Alles was zum Anbringen von Dekorpaneele, zur Bodenverlegung, zum Bau von Mobiliar oder dem dekorativen Innenausbau notwendig ist, hat Holz Design Moers im DAZU®-Zubehörprogramm.
          </p>
          <p
            className="mt-8 lg:text-lg"
          >
            Auch die dekorativ ummantelten UMA®-Leisten finden sich im Sortiment.
          </p>
        </div>
      </div>
    </Accessories__Grid>
  </Accessories__BackgroundImage>
</section>
`;
