// Jest Snapshot v1, https://goo.gl/fbAQLP

exports[`Cerastar Testings matches snapshot 1`] = `
<section
  className="container relative lg:grid lg:grid-cols-2 lg:gap-16 mt-32 pt-20 pb-24 lg:-mt-24 "
  id="cerastar"
>
  <Cerastar__BackgroundImage />
  <header>
    <div
      className="lg:ml-32"
    >
      <h2
        className="text-4xl font-bold lg:text-5xl"
      >
        Cerastar
      </h2>
      <p
        className="text-xl lg:text-2xl lg:mt-4"
      >
        Der neue Star unter 
        <br />
        den Bodenbelägen
      </p>
    </div>
    <picture
      className="block mt-16 -mx-6 lg:-ml-32"
    >
      <source
        srcSet="/images/hdm-cerastar.webp"
        type="image/webp"
      />
      <source
        srcSet="/images/hdm-cerastar.png"
        type="image/png"
      />
      <img
        alt="Cerastar - der neue Star unten den Bodenbelägen"
        src="/images/hdm-cerastar.png"
      />
    </picture>
  </header>
  <div
    className="lg:mt-48"
  >
    <h3
      className="mt-12 font-bold lg:text-lg"
    >
      Cerastar heißt der neue Designbodenbelag mit keramischer Nanocoat Oberflächenversiegelung.
    </h3>
    <p
      className="mt-8 lg:text-lg"
    >
      1,2 Mio. feinste Keramikpartikel pro Quadratzentimeter machen die Oberfläche von Cerastar – gegenüber Oberflächen vergleichbarer Bodenbeläge – bis zu dreimal kratzfester und strapazierfähiger.
    </p>
    <p
      className="mt-8 lg:text-lg"
    >
      So entsteht eine äußerst abriebfeste Schutzschicht, die deutlich resistenter gegen Mikrokratzer ist. Zugleich verleiht die hochtransparente Versiegelung den Dekoren eine einzigartige brillante Farbtiefe und eleganten Glanz.
    </p>
    <p
      className="mt-8 lg:text-lg"
    >
      Weitere Informationen finden Sie unter
       
      <a
        className="underline text-hdm"
        href="https://cerastar.eu"
      >
        cerastar.eu
      </a>
      .
    </p>
    <div
      className="mt-16 text-center lg:text-left lg:mt-24"
    >
      <a
        className="inline-block px-6 py-3 text-sm text-white rounded-full bg-hdm"
        href="/documents/hdm-cerastar.pdf"
        target="_blank"
        title="Den Katalog Cerastar ansehen und herunterladen"
      >
        <svg
          className="inline-block mr-3"
          height="17.47"
          viewBox="0 0 17.588 17.47"
          width="17.588"
          xmlns="http://www.w3.org/2000/svg"
        >
          <path
            d="M112.359,182.379a1.787,1.787,0,0,1-1.21-.524,2.06,2.06,0,0,1-.565-1.936,1.589,1.589,0,0,1,.686-1.008,19,19,0,0,1,4.113-2.3,44.427,44.427,0,0,0,2.419-5.041,11.514,11.514,0,0,1-1.29-3.75,3.57,3.57,0,0,1,.121-1.613c.4-1.29,1.29-1.331,1.653-1.29.081,0,1.492.2,1.734,2.218a10.9,10.9,0,0,1-.927,4.4,14,14,0,0,0,3.145,3.71,18.613,18.613,0,0,1,4.557.524,1.715,1.715,0,0,1,.927.565,1.5,1.5,0,0,1,.282,1.573h0a1.675,1.675,0,0,1-.323.565,1.558,1.558,0,0,1-1.976.444,21.456,21.456,0,0,1-3.871-2.54,16.963,16.963,0,0,0-5.565,1.169c-.686,1.25-1.532,2.621-2.5,4.153a1.7,1.7,0,0,1-.766.645h0C112.722,182.339,112.521,182.379,112.359,182.379Zm1.976-4.073a15.061,15.061,0,0,0-2.379,1.492c-.121.121-.242.242-.242.363a.956.956,0,0,0,.323.887.574.574,0,0,0,.484.121h0a.331.331,0,0,0,.2-.2C113.287,180.04,113.851,179.153,114.335,178.306Zm9.4-1.936a22.573,22.573,0,0,0,2.419,1.452.385.385,0,0,0,.484-.121,1.115,1.115,0,0,0,.161-.282c.081-.2.081-.282-.04-.4a.78.78,0,0,0-.363-.2A15.283,15.283,0,0,0,123.731,176.371Zm-5.242-3.589c-.4.927-.887,1.976-1.532,3.186a18.4,18.4,0,0,1,3.549-.726A20.147,20.147,0,0,1,118.489,172.782Zm-.4-6.775c-.161,0-.282.161-.4.524a2.408,2.408,0,0,0-.081,1.089,10.078,10.078,0,0,0,.686,2.339,8.044,8.044,0,0,0,.524-2.742c-.121-1.089-.686-1.21-.726-1.21Z"
            fill="#fff"
            transform="translate(-110.524 -164.909)"
          />
        </svg>
        Cerastar Katalog downloaden
      </a>
    </div>
  </div>
</section>
`;
