// Jest Snapshot v1, https://goo.gl/fbAQLP

exports[`Header Testings matches snapshot 1`] = `
<header
  className="relative overflow-x-hidden "
>
  <div
    className="justify-between mt-6 lg:container lg:flex"
  >
    <h1
      className="pt-8 mb-10 lg:mb-0"
    >
      <Link
        href="/"
      >
        <a>
          <img
            alt="Logo der HDM GmbH"
            className="w-56 mx-auto"
            src="/ci/hdm-logo.svg"
          />
          <span
            className="sr-only"
          >
            HDM - Holz Design Moers GmbH
          </span>
        </a>
      </Link>
    </h1>
    <Sticky
      activeClass="active"
      bottomBoundary={0}
      enableTransforms={true}
      enabled={true}
      innerClass=""
      innerZ="101"
      onStateChange={null}
      releasedClass="released"
      shouldFreeze={[Function]}
      top={0}
    >
      <nav
        className="flex justify-between py-3 font-semibold bg-white lg:bg-transparent lg:text-lg lg:container lg:mb-0 lg:space-x-12 lg:justify-end lg:mt-10 lg:py-0"
      >
        <Link
          href="/#produkte"
        >
          <a
            className="px-4 py-2 my-2 hover:text-hdm"
          >
            Produkte
          </a>
        </Link>
        <Link
          href="/#unternehmen"
        >
          <a
            className="px-4 py-2 my-2 hover:text-hdm"
          >
            Unternehmen
          </a>
        </Link>
        <Link
          href="/#kontakt"
        >
          <a
            className="px-4 py-2 my-2 hover:text-hdm"
          >
            Kontakt
          </a>
        </Link>
      </nav>
    </Sticky>
  </div>
  <Header__Section
    className="container pt-12 pb-20 lg:flex lg:flex-row lg:justify-between lg:pt-32 lg:pb-24"
  >
    <p
      className="text-xl leading-10 lg:text-3xl lg:max-w-3xl lg:ml-24"
    >
      <strong>
        Produkt. Idee. Erfolg.
      </strong>
       Die Holz Design Moers GmbH bietet ihren Handelspartnern auch in Zukunft abverkaufsstarke Produkte, Konzepte und Ideen für eine erfolgreiche Zusammenarbeit.
    </p>
    <Link
      activeClass="active"
      duration={700}
      offset={-25}
      smooth={true}
      spy={true}
      to="purity"
    >
      <a
        className="hidden -mt-16 lg:block hover:text-green-600"
      >
        <figure
          className="text-center group"
        >
          <img
            alt="HDM - Verantwortung für Mensch und Natur"
            className="w-56 transition-all duration-500 transform -rotate-10 group-hover:rotate-0"
            src="/certificates/hdm-oekosiegel-header.png"
            title="Mehr über die den BIO ... logischen Laminatboden erfahren"
          />
        </figure>
      </a>
    </Link>
  </Header__Section>
</header>
`;
