// Jest Snapshot v1, https://goo.gl/fbAQLP

exports[`Accessories Testings matches snapshot 1`] = `
<section
  className="lg:bg-gray-100 overflow-x-hidden lg:mt-24 "
  id="accessories"
>
  <Accessories__BackgroundImage>
    <div
      className="container py-20"
    >
      <header
        className="mt-16 lg:ml-32"
      >
        <h2
          className="text-4xl font-bold lg:text-5xl"
        >
          DAZU
          <sup
            className="font-normal"
          >
            ®
          </sup>
        </h2>
        <p
          className="mt-4 text-xl leading-snug lg:text-2xl"
        >
          Das Zubehörprogramm
        </p>
      </header>
      <div
        className="lg:justify-between lg:ml-32 lg:flex lg:mt-8"
      >
        <div
          className="lg:w-1/3 lg:-mt-4 lg:mr-12"
        >
          <picture
            className="block mt-12 lg:-mx-24"
          >
            <source
              srcSet="/images/hdm-dazu-zubehoer.webp"
              type="image/webp"
            />
            <source
              srcSet="/images/hdm-dazu-zubehoer.jpg"
              type="image/jpeg"
            />
            <img
              alt="Möbelbauplatten - modernen Regalböden und Möbelbauplatten"
              src="/images/hdm-dazu-zubehoer.jpg"
            />
          </picture>
        </div>
        <div
          className="lg:w-1/2"
        >
          <p
            className="mt-12 lg:text-lg"
          >
            Alles was zum Anbringen von Dekorpaneele, zur Bodenverlegung, zum Bau von Mobiliar oder dem dekorativen Innenausbau notwendig ist, hat Holz Design Moers im DAZU
            <sup>
              ®
            </sup>
            -Zubehörprogramm.
          </p>
          <p
            className="mt-12 lg:text-lg"
          >
            Verlegung und Montage einfach gemacht - mit dem DAZU
            <sup>
              ®
            </sup>
            -Zubehörprogramm.
          </p>
        </div>
      </div>
    </div>
  </Accessories__BackgroundImage>
</section>
`;
