// Jest Snapshot v1, https://goo.gl/fbAQLP

exports[`Imprint Testings matches snapshot 1`] = `
<Layout
  title="Impressum * HDM – Holz Design Moers"
>
  <article
    className="container max-w-3xl"
  >
    <h1
      className="mt-16 text-4xl font-bold"
    >
      Impressum
    </h1>
    <h2
      className="mt-16 text-2xl"
    >
      Angaben gemäß § 5 TMG
    </h2>
    <p
      className="mt-8"
    >
      Holz Design Moers GmbH 
      <br />
      Am Schürmannshütt 2 
      <br />
      47441 Moers (Germany)
    </p>
    <p
      className="mt-8"
    >
      Handelsregister: HRB 16687 
      <br />
      Registergericht: Amtsgericht Kleve
    </p>
    <p
      className="mt-8"
    >
      <strong>
        Vertreten durch:
      </strong>
       
      <br />
      Ralph Döller 
      <br />
      Sven Schlayer 
      <br />
      Fernando Soler Wittke
    </p>
    <h2
      className="mt-8 text-2xl"
    >
      Kontakt
    </h2>
    <p
      className="mt-8"
    >
      Telefon: +49 2841 1401 0 
      <br />
      Telefax: +49 2841 1401 180 
      <br />
      E-Mail: info@hdm.gmbh
    </p>
    <h2
      className="mt-8 text-2xl"
    >
      Umsatzsteuer-ID
    </h2>
    <p
      className="mt-8"
    >
      Umsatzsteuer-Identifikationsnummer gemäß § 27 a Umsatzsteuergesetz: 
      <br />
      DE 330 636 096
    </p>
    <h2
      className="mt-8 text-2xl"
    >
      Verbraucher­streit­beilegung/Universal­schlichtungs­stelle
    </h2>
    <p
      className="mt-8"
    >
      Wir sind nicht bereit oder verpflichtet, an Streitbeilegungsverfahren vor einer Verbraucherschlichtungsstelle teilzunehmen.
    </p>
    <p
      className="mt-8"
    >
      Quelle: 
      <a
        href="https://www.e-recht24.de"
      >
        https://www.e-recht24.de
      </a>
    </p>
    <p
      className="mt-16"
    >
      Holz Design Moers GmbH ist strategischer Partner für Baumarktgruppen, Baufachmärkte und den Fachhandel. Als Vollsortimenter für den Innenausbau bietet das Unternehmen seinen Handelspartnern ein umfangreiches Portfolio zur Verkleidung und Gestaltung von Boden, Wand und Decke: Laminat- und Designböden, Wand- und Deckenpaneele, dazu ein großes Massivholz- und Holzwerkstoffsortiment: Leisten sowie Regalböden und Möbelbauplatten. Das Angebot wird durch ein umfassendes Zubehörprogramm ergänzt und komplettiert.
    </p>
    <p
      className="mt-8"
    >
      Bereits 1968 präsentierte Firmengründer Arnold Dammers in Moers das weltweit erste Dekorpaneel. 1981 entwickelte Dammers die dekorativ ummantelte Leiste, die sich heute als UMA®-Leiste im Markt etabliert hat. HDM gilt als Erfinder der beiden trendsetzenden Produkte für den dekorativen Innenausbau. 1989 folgte die Entwicklung einer Elektronenstrahl-gehärteten Flächenveredlung, die unter dem Markennamen ELESGO® eingeführt wurde. Die besonders kratzfeste Oberfläche veredelt unter anderem Labortische, Möbelfronten und liefert die Ideen für viele weitere Anwendungen. Im Jahr 2000 lancierte das Moerser Unternehmen den ersten Superglanz-Laminatboden mit Elesgo-Oberfläche.
    </p>
    <p
      className="mt-8"
    >
      Produkt. Idee. Erfolg: die Holz Design Moers GmbH bietet ihren Handelspartnern auch in Zukunft abverkaufsstarke Produkte, Konzepte und Ideen für eine erfolgreiche Zusammenarbeit.
    </p>
  </article>
</Layout>
`;
