// Jest Snapshot v1, https://goo.gl/fbAQLP

exports[`ModalVideo component matches snapshot 1`] = `null`;
